// Vitest Snapshot v1, https://vitest.dev/guide/snapshot.html

exports[`Acapy > mount matches snapshot with expected values 1`] = `
"<div data-v-59165757=\\"\\" class=\\"grid align-items-start\\">
  <div data-v-59165757=\\"\\" class=\\"col-12 md:col-6\\"><strong data-v-59165757=\\"\\">about.acaPy.info</strong>
    <p data-v-59165757=\\"\\" class=\\"mt-0\\">about.acaPy.acapyVersion</p>
  </div>
  <div data-v-59165757=\\"\\" class=\\"col-12 md:col-6 flex justify-content-end pt-0\\"><img data-v-59165757=\\"\\" src=\\"/img/logo/aries-logo-color.png\\" class=\\"logo-acapy\\"></div>
</div>
<div data-v-59165757=\\"\\" class=\\"grid\\">
  <div data-v-59165757=\\"\\" class=\\"col-12 md:col-6 lg:col-4\\">
    <div data-v-680038a3=\\"\\" data-v-59165757=\\"\\" class=\\"p-accordion p-component\\" data-pc-name=\\"accordion\\" data-pc-section=\\"root\\">
      <div class=\\"p-accordion-tab\\" data-pc-section=\\"root\\" data-pc-name=\\"accordiontab\\" data-pc-index=\\"0\\" data-p-active=\\"false\\">
        <div class=\\"p-accordion-header\\" data-pc-section=\\"header\\" data-p-highlight=\\"false\\"><a id=\\"undefined_0_header_action\\" class=\\"p-accordion-header-link p-accordion-header-action\\" tabindex=\\"0\\" role=\\"button\\" aria-expanded=\\"false\\" aria-controls=\\"undefined_0_content\\" data-pc-section=\\"headeraction\\"><svg width=\\"14\\" height=\\"14\\" viewBox=\\"0 0 14 14\\" fill=\\"none\\" xmlns=\\"http://www.w3.org/2000/svg\\" class=\\"p-icon p-accordion-toggle-icon\\" aria-hidden=\\"true\\" data-pc-section=\\"headericon\\">
              <path d=\\"M4.38708 13C4.28408 13.0005 4.18203 12.9804 4.08691 12.9409C3.99178 12.9014 3.9055 12.8433 3.83313 12.7701C3.68634 12.6231 3.60388 12.4238 3.60388 12.2161C3.60388 12.0084 3.68634 11.8091 3.83313 11.6622L8.50507 6.99022L3.83313 2.31827C3.69467 2.16968 3.61928 1.97313 3.62287 1.77005C3.62645 1.56698 3.70872 1.37322 3.85234 1.22959C3.99596 1.08597 4.18972 1.00371 4.3928 1.00012C4.59588 0.996539 4.79242 1.07192 4.94102 1.21039L10.1669 6.43628C10.3137 6.58325 10.3962 6.78249 10.3962 6.99022C10.3962 7.19795 10.3137 7.39718 10.1669 7.54416L4.94102 12.7701C4.86865 12.8433 4.78237 12.9014 4.68724 12.9409C4.59212 12.9804 4.49007 13.0005 4.38708 13Z\\" fill=\\"currentColor\\"></path>
            </svg><span class=\\"p-accordion-header-text\\" data-pc-section=\\"headertitle\\">about.acaPy.plugins</span>
            <!---->
          </a></div>
        <transition-stub name=\\"p-toggleable-content\\" appear=\\"false\\" persisted=\\"false\\" css=\\"true\\" data-pc-section=\\"accordiontab.transition\\">
          <div id=\\"undefined_0_content\\" class=\\"p-toggleable-content\\" role=\\"region\\" aria-labelledby=\\"undefined_0_header_action\\" data-pc-section=\\"toggleablecontent\\" style=\\"display: none;\\">
            <div class=\\"p-accordion-content\\" data-pc-section=\\"content\\">
              <div data-v-680038a3=\\"\\" class=\\"vjs-tree\\">
                <div class=\\"vjs-tree-node\\">
                  <!---->
                  <!---->
                  <div class=\\"vjs-indent\\">
                    <!---->
                  </div>
                  <!----><span><span class=\\"vjs-value vjs-value-null\\">null</span>
                  <!---->
                  <!----></span>
                </div>
              </div>
            </div>
          </div>
        </transition-stub>
      </div>
    </div>
  </div>
</div>"
`;
